PS C:\work> mkdir git_challenge


    ディレクトリ: C:\work


Mode                 LastWriteTime         Length Name                                 
----                 -------------         ------ ----                                 
d-----        2026/04/24     16:19                git_challenge                        


PS C:\work> cd C:\work\git_challenge
PS C:\work\git_challenge> git init
Initialized empty Git repository in C:/work/git_challenge/.git/
PS C:\work\git_challenge> echo Hello, world! > hello_world.txt
PS C:\work\git_challenge> git add hello_world.txt
PS C:\work\git_challenge> git commit -m "hello_world.txtを追加"
[main (root-commit) f28acf3] hello_world.txtを追加
 1 file changed, 0 insertions(+), 0 deletions(-)
 create mode 100644 hello_world.txt
PS C:\work\git_challenge> echo こんにちは、世界！ >> hello_world.txt
PS C:\work\git_challenge> git add hello_world.txt
PS C:\work\git_challenge> git commit -m "日本語訳を追記"
[main 0b3cc9a] 日本語訳を追記
 1 file changed, 0 insertions(+), 0 deletions(-)
PS C:\work\git_challenge> git log --oneline
0b3cc9a (HEAD -> main) 日本語訳を追記
f28acf3 hello_world.txtを追加
PS C:\work\git_challenge> 